============================= test session starts ==============================
platform darwin -- Python 3.8.6, pytest-5.4.1, py-1.11.0, pluggy-0.13.1
benchmark: 3.4.1 (defaults: timer=time.perf_counter disable_gc=False min_rounds=5 min_time=0.000005 max_time=1.0 calibration_precision=10 warmup=False warmup_iterations=100000)
rootdir: /Users/wilhelmschuttelspeer/Documents/Repositories/omniversion/python
plugins: benchmark-3.4.1, typeguard-2.9.1, celery-4.4.7, pythonpath-0.7.3, cov-3.0.0, asyncio-0.11.0
collected 1 item

omniversion/pretty/pretty_test.py .                                      [100%]

---------- coverage: platform darwin, python 3.8.6-final-0 -----------
Coverage XML written to file coverage.xml


============================== 1 passed in 0.21s ===============================
